// Jest Snapshot v1, https://goo.gl/fbAQLP

exports[`Button Component render button correctly 1`] = `
<View
  accessible={true}
  collapsable={false}
  focusable={true}
  onClick={[Function]}
  onResponderGrant={[Function]}
  onResponderMove={[Function]}
  onResponderRelease={[Function]}
  onResponderTerminate={[Function]}
  onResponderTerminationRequest={[Function]}
  onStartShouldSetResponder={[Function]}
  style={
    Object {
      "alignItems": "center",
      "backgroundColor": "#E8157E",
      "borderRadius": 8,
      "height": 48,
      "justifyContent": "center",
      "marginVertical": 10,
      "opacity": 1,
    }
  }
>
  <Text
    style={
      Object {
        "color": "#ffffff",
        "fontSize": 12,
        "fontWeight": "700",
      }
    }
  >
    Export to CSV
  </Text>
</View>
`;
